   Building mcpline @ file:///Users/moc/workspaces/SiHankor/worktrees/sih-tools/mcpbeta-solo/mcpline
      Built mcpline @ file:///Users/moc/workspaces/SiHankor/worktrees/sih-tools/mcpbeta-solo/mcpline
Uninstalled 1 package in 2ms
Installed 1 package in 1ms
============================= test session starts ==============================
platform darwin -- Python 3.14.6, pytest-9.1.1, pluggy-1.6.0 -- /Users/moc/workspaces/SiHankor/worktrees/sih-tools/mcpbeta-solo/mcpline/.venv/bin/python3
cachedir: .pytest_cache
rootdir: /Users/moc/workspaces/SiHankor/worktrees/sih-tools/mcpbeta-solo/mcpline
configfile: pyproject.toml
plugins: anyio-4.15.1
collecting ... collected 55 items

tests/test_stdio_smoke.py::test_stdio_smoke_alpha_five_regression PASSED [  1%]
tests/test_stdio_smoke.py::test_stdio_smoke_local_class_full_face PASSED [  3%]
tests/test_stdio_smoke.py::test_stdio_smoke_beta_write_path_verify_loop PASSED [  5%]
tests/test_tools_unit.py::test_chain_query_happy PASSED                  [  7%]
tests/test_tools_unit.py::test_chain_query_happy_filter PASSED           [  9%]
tests/test_tools_unit.py::test_chain_query_error_bad_date PASSED         [ 10%]
tests/test_tools_unit.py::test_chain_verify_happy PASSED                 [ 12%]
tests/test_tools_unit.py::test_chain_verify_error_missing_day PASSED     [ 14%]
tests/test_tools_unit.py::test_critsweep_happy PASSED                    [ 16%]
tests/test_tools_unit.py::test_critsweep_error_bad_date PASSED           [ 18%]
tests/test_tools_unit.py::test_heartbeat_happy PASSED                    [ 20%]
tests/test_tools_unit.py::test_heartbeat_error_bogus_root PASSED         [ 21%]
tests/test_tools_unit.py::test_locks_read_happy PASSED                   [ 23%]
tests/test_tools_unit.py::test_locks_read_error_bogus_root PASSED        [ 25%]
tests/test_write_gates.py::test_open_binds_single_session PASSED         [ 27%]
tests/test_write_gates.py::test_open_twice_refused_one_to_one PASSED     [ 29%]
tests/test_write_gates.py::test_write_before_open_refused PASSED         [ 30%]
tests/test_write_gates.py::test_open_gate_intent_validation_in_place PASSED [ 32%]
tests/test_write_gates.py::test_intent_append_passthrough_and_replay_gate PASSED [ 34%]
tests/test_write_gates.py::test_park_passthrough PASSED                  [ 36%]
tests/test_write_gates.py::test_chain_verify_alpha_reads_fixture_chain PASSED [ 38%]
tests/test_write_gates.py::test_lock_unlock_passthrough_and_scope_gate PASSED [ 40%]
tests/test_write_gates.py::test_locked_elsewhere_conflict_surfaces PASSED [ 41%]
tests/test_write_gates.py::test_claims_and_unclaim_routing PASSED        [ 43%]
tests/test_write_gates.py::test_external_class_refuses_direct_and_unclaim PASSED [ 45%]
tests/test_write_gates.py::test_direct_passthrough_local_only PASSED     [ 47%]
tests/test_write_gates.py::test_close_chain_gate_and_session_not_active PASSED [ 49%]
tests/test_write_gates.py::test_commit_wip_passthrough PASSED            [ 50%]
tests/test_write_gates.py::test_disconnect_zero_write_light_close PASSED [ 52%]
tests/test_write_gates.py::test_disconnect_with_writes_full_close PASSED [ 54%]
tests/test_write_gates.py::test_error_payload_trims_paths_and_foreign_sessions PASSED [ 56%]
tests/test_write_matrix.py::test_matrix_row_lease_open_both_classes PASSED [ 58%]
tests/test_write_matrix.py::test_matrix_row_record_intent_both_classes PASSED [ 60%]
tests/test_write_matrix.py::test_matrix_row_record_append_both_classes PASSED [ 61%]
tests/test_write_matrix.py::test_matrix_row_record_park_both_classes PASSED [ 63%]
tests/test_write_matrix.py::test_matrix_row_record_direct_local_only PASSED [ 65%]
tests/test_write_matrix.py::test_matrix_row_lease_lock_both_classes PASSED [ 67%]
tests/test_write_matrix.py::test_matrix_row_lease_unlock_both_classes PASSED [ 69%]
tests/test_write_matrix.py::test_matrix_row_lease_wait_turn_both_classes PASSED [ 70%]
tests/test_write_matrix.py::test_matrix_row_lease_claim_both_classes PASSED [ 72%]
tests/test_write_matrix.py::test_matrix_row_lease_unclaim_local_only PASSED [ 74%]
tests/test_write_matrix.py::test_matrix_row_lease_commit_both_classes PASSED [ 76%]
tests/test_write_matrix.py::test_matrix_row_lease_close_both_classes PASSED [ 78%]
tests/test_write_matrix.py::test_takeover_bypass_absent_from_matrix_and_registry PASSED [ 80%]
tests/test_write_matrix.py::test_external_minimal_set_is_exactly_ten_rows PASSED [ 81%]
tests/test_write_matrix.py::test_default_agent_class_external PASSED     [ 83%]
tests/test_write_matrix.py::test_invalid_agent_class_maps_external PASSED [ 85%]
tests/test_write_matrix.py::test_tool_listing_local_class_full_face PASSED [ 87%]
tests/test_write_matrix.py::test_tool_listing_external_class_minimal_face PASSED [ 89%]
tests/test_write_matrix.py::test_tool_descriptions_frozen_static_no_instruction_face PASSED [ 90%]
tests/test_zero_write.py::test_zero_write_guard_alpha_readonly_source PASSED [ 92%]
tests/test_zero_write.py::test_zero_write_guard_writeface_no_direct_disk_write PASSED [ 94%]
tests/test_zero_write.py::test_zero_write_guard_writeface_sole_tempfile_exception PASSED [ 96%]
tests/test_zero_write.py::test_zero_write_proof_alpha_five_calls_real_repos PASSED [ 98%]
tests/test_zero_write.py::test_zero_write_proof_whole_suite_window PASSED [100%]

============================= 55 passed in 43.61s ==============================
